// Jest Snapshot v1, https://goo.gl/fbAQLP

exports[`Todolist component renders a todo in ul for each todos in array 1`] = `
<ul>
  <li
    key="0"
  >
    <p
      className="todotitle"
    >
      walk the dog
      <br />
    </p>
    <p>
      Dogs
      <br />
      <button>
        <Link
          to={
            Object {
              "pathname": "/edit/undefined",
              "state": Object {
                "index": 0,
                "todo": Object {
                  "description": "Dogs",
                  "title": "walk the dog",
                },
              },
            }
          }
        >
          Edit
        </Link>
         
      </button>
       
      <button
        onClick={[Function]}
      >
        Delete
      </button>
    </p>
  </li>
  <li
    key="1"
  >
    <p
      className="todotitle"
    >
      walk the cat
      <br />
    </p>
    <p>
      Cats
      <br />
      <button>
        <Link
          to={
            Object {
              "pathname": "/edit/undefined",
              "state": Object {
                "index": 1,
                "todo": Object {
                  "description": "Cats",
                  "title": "walk the cat",
                },
              },
            }
          }
        >
          Edit
        </Link>
         
      </button>
       
      <button
        onClick={[Function]}
      >
        Delete
      </button>
    </p>
  </li>
  <li
    key="2"
  >
    <p
      className="todotitle"
    >
      walk the pig
      <br />
    </p>
    <p>
      Pigs
      <br />
      <button>
        <Link
          to={
            Object {
              "pathname": "/edit/undefined",
              "state": Object {
                "index": 2,
                "todo": Object {
                  "description": "Pigs",
                  "title": "walk the pig",
                },
              },
            }
          }
        >
          Edit
        </Link>
         
      </button>
       
      <button
        onClick={[Function]}
      >
        Delete
      </button>
    </p>
  </li>
  <li
    key="3"
  >
    <p
      className="todotitle"
    >
      walk the bird
      <br />
    </p>
    <p>
      Birds
      <br />
      <button>
        <Link
          to={
            Object {
              "pathname": "/edit/undefined",
              "state": Object {
                "index": 3,
                "todo": Object {
                  "description": "Birds",
                  "title": "walk the bird",
                },
              },
            }
          }
        >
          Edit
        </Link>
         
      </button>
       
      <button
        onClick={[Function]}
      >
        Delete
      </button>
    </p>
  </li>
</ul>
`;
